........................................................................ [ 51%]
....................................................................     [100%]
=============================== warnings summary ===============================
<frozen abc>:106
<frozen abc>:106
<frozen abc>:106
<frozen abc>:106
  <frozen abc>:106: DeprecationWarning: BaseAgentConfig is deprecated and will be removed in future versions.

tests/trajectory/test_ap2_payment_flow.py::test_ap2_payment_end_to_end
  <frozen importlib._bootstrap>:488: DeprecationWarning: builtin type SwigPyPacked has no __module__ attribute

tests/trajectory/test_ap2_payment_flow.py::test_ap2_payment_end_to_end
  <frozen importlib._bootstrap>:488: DeprecationWarning: builtin type SwigPyObject has no __module__ attribute

tests/trajectory/test_ap2_payment_flow.py::test_ap2_payment_end_to_end
  <frozen importlib._bootstrap>:488: DeprecationWarning: builtin type swigvarlink has no __module__ attribute

-- Docs: https://docs.pytest.org/en/stable/how-to/capture-warnings.html
140 passed, 7 warnings in 28.91s
